// Jest Snapshot v1, https://goo.gl/fbAQLP

exports[`<Container /> renders correctly 1`] = `
<Grid
  bsClass="container"
  componentClass="div"
  fluid={false}
>
  <Child />
</Grid>
`;
