// Jest Snapshot v1, https://goo.gl/fbAQLP

exports[`<Page /> renders correctly 1`] = `
<div>
  <Header
    title="test title"
  />
  <Styled(Container)>
    <Child />
  </Styled(Container)>
  <Footer />
</div>
`;
