// Jest Snapshot v1, https://goo.gl/fbAQLP

exports[`<Footer /> renders correctly 1`] = `
<styled.footer>
  <Container>
    <Links />
  </Container>
</styled.footer>
`;
