// Jest Snapshot v1, https://goo.gl/fbAQLP

exports[`<Version /> renders correctly 1`] = `
<styled.div>
  Version 
  test 123
</styled.div>
`;
