// Jest Snapshot v1, https://goo.gl/fbAQLP

exports[`<NavLink /> renders correctly 1`] = `
<styled.li>
  <Styled(NavLink)
    exact={false}
    to="/test-href"
  >
    <Styled(Icon)
      icon="home"
      size={32}
    />
    test text
  </Styled(NavLink)>
</styled.li>
`;
