// Jest Snapshot v1, https://goo.gl/fbAQLP

exports[`<NavLogo /> renders correctly 1`] = `
<a
  className="sc-bdVaJa bSrzPW"
  href="/"
  onClick={[Function]}
>
  <img
    alt="CA Department of Technology logo"
    className="sc-bwzfXH kYVJeC"
    src="_odiLogo.png"
  />
</a>
`;
