// Jest Snapshot v1, https://goo.gl/fbAQLP

exports[`<NavMobile /> renders correctly 1`] = `
<styled.a>
  <Icon
    icon="menu"
    size={36}
  />
</styled.a>
`;
