// Jest Snapshot v1, https://goo.gl/fbAQLP

exports[`<TitleLogo /> renders correctly 1`] = `
<a
  href="http://www.ca.gov"
  onClick={undefined}
>
  <img
    alt="CA Gov Logo"
    className="sc-bdVaJa jbboGG"
    src="_caGovLogo.svg"
  />
</a>
`;
