// Jest Snapshot v1, https://goo.gl/fbAQLP

exports[`<TitleLinks /> renders correctly 1`] = `
<Styled(Link)
  to="/help"
>
  Contact Us
</Styled(Link)>
`;
