// Jest Snapshot v1, https://goo.gl/fbAQLP

exports[`<TitleText /> renders correctly 1`] = `
<styled.h1>
  test title
</styled.h1>
`;
