// Jest Snapshot v1, https://goo.gl/fbAQLP

exports[`<Icon /> renders correctly 1`] = `
<span
  className="ca-gov-icon-home undefined sc-bdVaJa iHmnvJ"
  size={20}
/>
`;
